// Jest Snapshot v1, https://goo.gl/fbAQLP

exports[`List tests renders correctly 1`] = `
<ul
  className="list-items"
>
  <li
    className="item"
  >
    A
  </li>
  <li
    className="item"
  >
    B
  </li>
  <li
    className="item"
  >
    C
  </li>
</ul>
`;
